Godot Engine v4.8.dev.custom_build.9ba32b09e (2026-08-20 21:12:39 UTC) - https://godotengine.org

[   0% ] [90m[1mfirst_scan_filesystem[22m | Started Project initialization (5 steps)[39m[0m
[   0% ] [90m[1mfirst_scan_filesystem[22m | Scanning file structure...[39m[0m
[  16% ] [90m[1mfirst_scan_filesystem[22m | Loading global class names...[39m[0m
[  33% ] [90m[1mfirst_scan_filesystem[22m | Verifying GDExtensions...[39m[0m
[  50% ] [90m[1mfirst_scan_filesystem[22m | Creating autoload scripts...[39m[0m
[  66% ] [90m[1mfirst_scan_filesystem[22m | Initializing plugins...[39m[0m
[  83% ] [90m[1mfirst_scan_filesystem[22m | Starting file scan...[39m[0m
[92m[ DONE ][39m [1mfirst_scan_filesystem[22m
[0m
[   0% ] [90m[1m_update_scan_actions[22m | Started Scanning actions... (4 steps)[39m[0m
[   0% ] [90m[1m_update_scan_actions[22m | ranking_daily.svg[39m[0m
[  20% ] [90m[1m_update_scan_actions[22m | game_play.png[39m[0m
[  40% ] [90m[1m_update_scan_actions[22m | game_play.png[39m[0m
[  60% ] [90m[1m_update_scan_actions[22m | icon_bg_432.svg[39m[0m
[92m[ DONE ][39m [1m_update_scan_actions[22m
[0m
[   0% ] [90m[1mreimport[22m | Started (Re)Importing Assets (2 steps)[39m[0m
[   0% ] [90m[1mreimport[22m | Preparing files to reimport...[39m[0m
[  33% ] [90m[1mreimport[22m | Preparing files to reimport...[39m[0m
[   0% ] [90m[1mreimport[22m | Executing pre-reimport operations...[39m[0m
[   0% ] [90m[1mreimport[22m | game_play.png[39m[0m
[  33% ] [90m[1mreimport[22m | game_play.png[39m[0m
[  66% ] [90m[1mreimport[22m | Finalizing Asset Import...[39m[0m
[92m[ DONE ][39m [1mreimport[22m
[0m
[   0% ] [90m[1mreimport[22m | Started (Re)Importing Assets (2 steps)[39m[0m
[   0% ] [90m[1mreimport[22m | Executing post-reimport operations...[39m[0m
[92m[ DONE ][39m [1mreimport[22m
[0m
[   0% ] [90m[1mexport[22m | Started Exporting for Android (105 steps)[39m[0m
0 param: --xr_mode_regular
1 param: --xr-mode
2 param: off
3 param: --fullscreen
4 param: --background_color
5 param: #000000
[   0% ] [90m[1mexport[22m | Starting gradle build...[39m[0m
[   9% ] [90m[1mexport[22m | Checking build directory...[39m[0m
[  18% ] [90m[1mexport[22m | Exporting project files...[39m[0m
Export: Using editor embedded text server data, text display in the exported project might be broken if export template was built with different ICU version!
[  28% ] [90m[1mexport[22m | Storing command line flags...[39m[0m
[  37% ] [90m[1mexport[22m | Build Android project...[39m[0m
[  99% ] [90m[1mexport[22m | Build complete.[39m[0m
[92m[ DONE ][39m [1mexport[22m
[0m
